[    0.000000] Linux version 4.150-0-generic (buildd@lgw01-amd64-030) (gcc version 7.4.0 (Ubuntu 7.4.0-1buntu1~18.04.1)) #67-Ubuntu SMP Thu Aug 22 16:55:30UTC 2019 (Ubuntu 4.15.0-60.67-generic 4.15.18)
[   .000000] Command line: BOOT_IMAGE=/boot/vmlinuz-4.15.0-60-generic root=UUID=4b68602-df36-d56-8934-50dd3bedf7f8 ro console=tty1 console=ttyS0
[    0.000000] KERNEL supported cpus:
[   0.000000]   Intel GenuineIntel
[    0.000000]   AMD AuthenticAMD
[    0.000000]   Centaur CentaurHauls
[    0.000000] x86/fpu: Supporting XSAVE feature 0x001: 'x87 floating point registers'
[    0.000000] x86/fpu: Supporting XSAVE feature 0x002: 'SSE rgisters'
[    0.000000] x86/fpu: Supporting XSAVE feature 0x004: 'AVX registers'
[    0.000000] x86/fpu: xstate_offset[2]:  576, xstate_sizes[2]:  256
[    0.000000] x86/fpu: Enabled xstate features 0x7, cotextsizeis 832 bytes, using 'standard' format.
[    0.00000] e820: BIOS-provided physical RAM map:
[    0.000000] BIOS-e820: [mem x000000000000000-0x00000000009fbff] usable
[    0.000000] BIOS-e820: [mem 0x000000000009c00-0x000000000009ffff] reserved
[    0.000000] BIOS-e820: [mem 0x00000000000f00000x00000000000fffff] reserved
[    0.000000] BIOS-e820: [mem 0x0000000000100000-0000000003ffeffff] usable
[    0.000000] BOS-e820: [mem 0x000000003fff000-0x000000003ffffff] ACI data
[    0.000000] BIOS-e820: [mem 0x0000000fec00000-0x0000000fec00fff] reserved
[    0.000000] BIOS-e820: [mem x00000000ee00000-0x00000000fee00fff] reserved
[    0.000000] BIOS-e820: mem 0x00000000fffc0000-0x00000000ffffffff] reserved
    0.00000] NX (Execute Disable) protection: active
[    0.000000] SMBIOS 2.5 present.
[    0.000000]DMI:: innotek GmbH VirtuaBox/VirtuaBox, BIOS VirtualBox 12/01/2006
[    0.000000] Hypervisor detected: KVM
[    0.00000] e82: last_pfn = 0x3fff0 max_arch_fn = 0x400000000
[   0.000000] MTR: Disabled
[   0.000000] x86/PAT: MTRRs disabled, skipping PAT initialization too.
[    0.000000] CPU MTRRs all blank - virtualized system.
[    0.000000] x86/PAT: Configuration [0-7]: WB  WT  UC- UC  WB  WT  UC- UC  
[    0.000000] found SMP MP-table at [mem 0x000fff0-0x0009ffff]
[    0.000000] Scanning 1 areas for low memory corruption
[    0.000000] RAMDISK: [mem 0x3597f000-0x36cb6fff]
[    0.000000] ACPI: Early table checksum verification disabled
[    0.000000] ACPI: RSDP 0x00000000000E0000 000024 (v02 VBOX  )
[    0.000000] ACPI: XSDT 0x000000003FFF0030 00003C (v01 VBOX   VBOXXSDT 00000001 ASL  00000061)
[    0.000000] ACPI: FACP 0x000000003FFF00F0 0000F4 (v04 VBOX   VBOXFACP 00000001 ASL  00000061)
[    0.000000] ACPI: DSDT 0x000000003FFF0470 0021FF (v02 VBOX   VBOXBIOS 00000002 INTL 20100528)
[    0.000000] ACPI: FACS 0x000000003FFF0200 000040
[    0.000000] ACPI: FACS 0x000000003FFF0200 000040
[    0.000000] ACPI: APIC 0x000000003FFF0240 00005C (v02 VBOX   VBOXAPIC 00000001 ASL  00000061)
[    0.000000] ACPI: SSDT 0x000000003FFF02A0 0001CC (v01 VBOX   VBOXCPUT 00000002 INTL 20100528)
[    0.00000] No NUMA configuraion foud
[    0.000000] Faing a nodeat [mem 0x0000000000000000-0x000000003ffeffff]
[    0.000000] NODE_DATA(0) allocated [mem 0x3ffc500-0x3ffeffff]
[    0.00000] kvm-clock:cpu 0, msr 0:3f44001, primary cpu clock
[    0.000000] kvm-clock: Using msrs 4b564d01 and 4b564d0
[    0.000000] kvm-clock: using sced offset of 413203861cycles
[    0.00000] clocksource: kvm-clock: mask: xfffffffffffffff max_cyles: 0x1cd42e4dffb, maxidle_s: 81590591483 ns[    0.000000] Zone ranges:
[    0.000000]   DMA      [mem 0x0000000000001000-0x000000000ffffff]
[    0000000]   DMA32   [mem 0x00000001000000-0x000000003ffeffff]
[   0.000000]   Normal   empty
[    0.00000]   evice   empty
[   0.000000] Movable zone start for each node
[    0.000000] Early memory node ranges
[    0.000000]  node   0: [mem 0x0000000000001000-0x00000000009eff]
[    0.000000]   node   0: [mem 0x0000000000100000-0x000000003ffeffff]
[    0.000000] Reserved but unavailable: 98 pages
[    0.000000] Initmem setup node 0 [mem 0x0000000000001000-0x000000003ffeffff]
[    0.000000] ACPI: PM-Timer IO Port: 0x4008
[    0.000000] IOAPIC[0]: apic_id 2, version 32, address 0xfec00000, GSI 0-23
[    0.000000] ACPI: INT_SRC_OVR (bus 0 bus_irq 0 global_irq 2 dfl dfl)
[    0.000000] ACPI: INT_SRC_OVR (bus 0 bus_irq 9 global_irq 9 low level)
[    0.000000] Using ACPI (MADT) for SMP cconfiguration information
[    0.000000] smpboot: Allowing 2 CPUs, 0 hotplug CPUs
[    0.000000] PM: Registered nosave memory: [mem 0x00000000-0x00000fff]
[    0.000000] PM: Registered nosave memory: [mem 0x0009f000-0x0009ffff]
[    0.000000] PM: Registered nosave memory: [mem 0x000a0000-0x000effff]
[    0.000000] PM: Registered nosave memory: [mem 0x000f0000-0x000fffff]
[    0.000000] e820: [mem 0x40000000-0xfebfffff] available for PCI devices
[    0.000000] Booting paravirtualized kernel on KVM
[    0.000000] clocksource: refined-jiffies: mask: 0xffffffff max_cycles: 0xffffffff, max_idle_ns: 7645519600211568 ns
[    0.000000] random: get_random_bytes called from start_kernel+0x99/0x4fd with crng_init=0
[    0.000000] setup_percpu: NR_CPUS:8192 nr_cpumask_bits:2 nr_cpu_ids:2 nr_node_ids:1
[    0.000000] percpu: Embedded 46 pages/cpu s151552 r8192 d28672 u1048576
[    0.000000] PV qspinlock hash table entries: 56 (order: 0, 4096 bytes)
[    .00000] Built 1 zonelists, mobilitygroupng on.  Toal pages:257913
[    0.000000] Plicyzone: DMA32
[    0.000000]Kernel command line: BOOT_IMAGE=/boot/vmlnuz-4.15.0-60-generic rot=UUI=84b68602-df36-4d56-8934-50dd3bedf7f8ro console=tty1 console=ttyS0
[    0.000000] Memory: 982904K/1048120K available (1200K krnel code,2481K rdata, 4172 rodata 2436K init, 2384 bss, 65216K rserved 0K cma-reserved)
[    0.000000 SLUB: HWalig=64, Order=0-3, MinObjects=0, CPUs=2, Nodes=1
[    0.000000] Kenel/Uer page tablesisolaion: enabled
[    0.000000] ftace: allocating 39306 entries in 154 pages
[    0.004000] Hierarchical RCU implementation.
[    0.004000] 	RCU restricting CPUs from NR_CPUS=8192 to nr_cpu_ids=2.
[    0.004000] 	Tasks RCU enabled.
[    0.004000] RCU: Adjusting geometry for rcu_fanout_lef=16, nr_pu_ids2
[    .004000] NR_IRQS: 524544, nrirs: 440, preallocated irqs: 16
[    0.04000] Console: coour VGA+ 80x25
[    0.004000] console [tty1] enabled
[    0.00000] console[ttyS] enabled
[    0004000] ACP: Core revision 2010831
[    0.004000] ACPI: 2 ACPI AMLtables sccessfullyacquiredand loded
[    0.00000]APIC: Switch to symmetric I/O mode setup
[    0.004259] x2apic enabled
[    0.008005] Switched APIC routing to physical x2apic.
[    0.012964] ..TIMER: vector=0x30 apic1=0 pin1=2 apic2=-1 pin2=-1
[    0.016003] tsc: Detected 2194.914 MHz processor
[    0.020012] Calibrating delay loop (skipped) preset value.. 4389.82 BogoMIPS (lpj=8779656)
[    0.024004] pid_max: default: 32768 minimum: 301
[    0.028037] Security Framework initialized
[    0.032008] Yama: becoming mindful.
[    0.036039] AppArmor: AppArmor initialized
[    0.041837] Dentry cache hash table entries: 131072 (order: 8, 1048576 bytes)
[    0.044069] Inode-cache hash table entries: 65536 (order: 7, 524288 bytes)
[    0.048018] Mount-cache hash table entries: 2048 (order: 2, 16384 bytes)
[    0.052008] Mountpoint-cache hash table entries: 2048 (order: 2, 16384 bytes)
[    0.056238] Last level iTLB entries: 4KB 1024, 2MB 1024, 4MB 1024
[    0.058055] Last level dTLB entries: 4KB 1024, 2MB 1024, 4MB 1024, 1GB 4
[    0.060003] Spectre V1 : Mitigation: usercopy/swapgs barriers and __user pointer sanitization
[    0.062704] Spectre V2 : Mitigation: Full generic retpoline
[    0.064003] Spectre V2 : Spectre v2 / SpectreRSB mitigation: Filling RSB on context switch
[    0.066456] Speculative Store Bypass: Vulnerable
[    0.068048] MDS: Vulnerable: Clear CPU buffers attempted, no microcode
[    0.070287] Freeing SMP alternatives memory: 36K
[    0.076000] smpboot: CPU0: Intel(R) Core(TM) i7-4770HQ CPU @ 2.20GHz (family: 0x6, model: 0x46, stepping: 0x1)
[    0.076097] Performance Events: unsupported p6 CPU model 70 no PMU driver, software events only.
[    0.080053] Hierarchical SRCU implementation.
[    0.084632] NMI watchdog: Perf event create on CPU 0 failed with -2
[    0.088003] NMI watchdog: Perf NMI watchdog permanently disabled
[    0.092054] smp: Bringing up secondary CPUs ...
[    0.096090] x86: Booting SMP configuration:
[    0.100005] .... node  #0, CPUs:      #1
[    0.004000] kvm-clock: cpu 1, msr 0:3ff44041, secondary cpu clock
[    0.136029] smp: Brought up 1 node, 2 CPUs
[    0.140006] smpboot: Max logical packages: 1
[    0.144008] smpboot: Total of 2 processors activated (8779.65 BogoMIPS)
[    0.152003] devtmpfs: initialized
[    0.156054] x86/mm: Memory block size: 128MB
[    0.160134] evm: security.selinux
[    0.164003] evm: security.SMACK64
[    0.168003] evm: security.SMACK64EXEC
[    0.172003] evm: security.SMACK64TRANSMUTE
[    0.176002] evm: security.SMACK64MMAP
[    0.180002] evm: security.apparmor
[    0.184003] evm: security.ima
[    0.188003] evm: security.capability
[    0.192110] clocksource: jiffies: mask: 0xffffffff max_cycles: 0xffffffff, max_idle_ns: 7645041785100000 ns
[    0.196019] futex hash table entries: 512 (order: 3, 32768 bytes)
[    0.201599] pinctrl core: initialized pinctrl subsystem
[    0.204130] RTC time:  3:06:43, date: 09/16/19
[    0.208193] NET: Registered protocol family 16
[    0.212074] audit: initializing netlink subsys (disabled)
[    0.220009] audit: type=2000 audit(1568603204.185:1): state=initialized audit_enabled=0 res=1
[    0.264007] cpuidle: using governor ladder
[    0.268009] cpuidle: using governor menu
[    0.272047] ACPI: bus type PCI registered
[    0.276004] acpiphp: ACPI Hot Plug PCI Controller Driver version: 0.5
[    0.280125] PCI: Using configuration type 1 for base access
[    0.288385] HugeTLB registered 2.00 MiB page size, pre-allocated 0 pages
[    0.292093] ACPI: Added _OSI(Module Device)
[    0.296008] ACPI: Added _OSI(Processor Device)
[    0.300007] ACPI: Added _OSI(3.0 _SCP Extensions)
[    0.304003] ACPI: Added _OSI(Processor Aggregator Device)
[    0.308004] ACPI: Added _OSI(Linux-Dell-Video)
[    0.312004] ACPI: Added _OSI(Linux-Lenovo-NV-HDMI-Audio)
[    0.316005] ACPI: Added _OSI(Linux-HPI-Hybrid-Graphics)
[    0.320467] ACPI: Executed 1 blocks of module-level executable AML code
[    0.327089] ACPI: Interpreter enabled
[    0.328030] ACPI: (supports S0 S5)
[    0.330324] ACPI: Using IOAPIC for interrupt routing
[    0.332257] PCI: Using host bridge windows from ACPI; if necessary, use "pci=nocrs" and report a bug
[    0.336260] ACPI: Enabled 2 GPEs in block 00 to 07
[    0.344352] ACPI: PCI Root Bridge [PCI0] (domain 0000 [bus 00-ff])
[    0.346684] acpi PNP0A03:00: _OSC: OS supports [ASPM ClockPM Segments MSI]
[    0.348034] acpi PNP0A03:00: _OSC: not requesting OS control; OS requires [ExtendedConfig ASPM ClockPM MSI]
[    0.352018] acpi PNP0A03:00: fail to add MMCONFIG information, can't access extended PCI configuration space under this bridge.
[    0.356324] PCI host bridge to bus 0000:00
[    0.357559] pci_bus 0000:00: root bus resource [io  0x0000-0x0cf7 window]
[    0.359473] pci_bus 0000:00: root bus resource [io  0x0d00-0xffff window]
[    0.360005] pci_bus 0000:00: root bus resource [mem 0x000a0000-0x000bffff window]
[    0.362235] pci_bus 0000:00: root bus resource [mem 0x40000000-0xfdffffff window]
[    0.364005] pci_bus 0000:00: root bus resource [bus 00-ff]
[    0.371141] pci 0000:00:01.1: legacy IDE quirk: reg 0x10: [io  0x01f0-0x01f7]
[    0.372004] pci 0000:00:01.1: legacy IDE quirk: reg 0x14: [io  0x03f6]
[    0.373979] pci 0000:00:01.1: legacy IDE quirk: reg 0x18: [io  0x0170-0x0177]
[    0.376003] pci 0000:00:01.1: legacy IDE quirk: reg 0x1c: [io  0x0376]
[    0.396782] pci 0000:00:07.0: quirk: [io  0x4000-0x403f] claimed by PIIX4 ACPI
[    0.400026] pci 0000:00:07.0: quirk: [io  0x4100-0x410f] claimed by PIIX4 SMB
[    0.418552] ACPI: PCI Interrupt Link [LNKA] (IRQs 5 9 10 *11)
[    0.420327] ACPI: PCI Interrupt Link [LNKB] (IRQs 5 9 *10 11)
[    0.424173] ACPI: PCI Interrupt Link [LNKC] (IRQs 5 *9 10 11)
[    0.428159] ACPI: PCI Interrupt Link [LNKD] (IRQs 5 9 10 *11)
[    0.432449] SCSI subsystem initialized
[    0.436058] pci 0000:00:02.0: vgaarb: setting as boot VGA device
[    0.440000] pci 0000:00:02.0: vgaarb: VGA device added: decodes=io+mem,owns=io+mem,locks=none
[    0.440007] pci 0000:00:02.0: vgaarb: bridge control possible
[    0.444003] vgaarb: loaded
[    0.448044] ACPI: bus type USB registered
[    0.452035] usbcore: registered new interface driver usbfs
[    0.456019] usbcore: registered new interface driver hub
[    0.460049] usbcore: registered new device driver usb
[    0.464091] EDAC MC: Ver: 3.0.0
[    0.468379] PCI: Using ACPI for IRQ routing
[    0.472411] NetLabel: Initializing
[    0.476003] NetLabel:  domain hash size = 128
[    0.480002] NetLabel:  protocols = UNLABELED CIPSOv4 CALIPSO
[    0.484020] NetLabel:  unlabeled traffic allowed by default
[    0.492035] clocksource: Switched to clocksource kvm-clock
[    0.529658] VFS: Disk quotasdquot_6..0
    060451] VF Dquotcache ash tale enries: 512(order 0 4096 bytes)[    .87322] Apprmor: AppArmor ilesysem Eabled
[    1.05953] pnp: PnP ACPI init
[    1.084963] pnp: PnP ACPI: found 3 devices

[    1.099418] clocksource: acpi_pm: mask: 0xffffff max_cycles: 0xffffff, max_idle_ns: 2085701024 ns
[    1.101884] NET: Registered protocol family 2
[    1.104785] TCP established hash tableentres: 892 (orer: 4, 556 tes)[   1.34244]TCP bindhah tabe entres: 192 (order: 5, 131072 bytes)
[    151655] TCP:Hashtables configured (estblished 819 bind 192)[    1.96862] UDP hash table entres: 512 order 2, 6384 btes)

[    1.76208]UDP-Lite ash table entrie: 512 (order: 2, 16384 btes)
[    2012102] NET: egistred potocol fail 1
[    2148468] pci 0000:00:00.0: Limiting dret PC/PCI tanfers
[   2.308895 pci 000:00:1.0: ActvatingISA DMA hang orkaound
[    2512281] pci 000:00:02.0 Vide devie with sadowe ROM a [mem 0x00c0000-x000dffff]
[    2.73770] Unpackng intramf...

[    3.098399] Freeing initrd memory: 19680K
[    3.144820] clocksource: tsc: mask: 0xffffffffffffffff max_cycles: 0x1fa36e579bf, max_idle_ns: 440795269840 ns
[    3.256674] platform rtc_cmos: registered platform RTC device (no PNP device found)
[    3.258936] Scanning for low memory corruption every 60 seconds
[    3.262561] Initialise system trusted keyrings
[    3.263922] Key type blacklist registered
[    3.270450] workingset: timestamp_bits=36 max_order=18 bucket_order=0
[    3.273208] zbud: loaded
[    3.274596] squashfs: version 4.0 (2009/01/31) Phillip Lougher
[    3.276654] fuse init (API version 7.26)
[    3.281978] Key type asymmetric registered
[    3.283319] Asymmetric key parser 'x509' registered
[    3.284926] Block layer SCSI generic (bsg) driver version 0.4 loaded (major 246)
[    3.287358] io scheduler noop registered
[    3.288556] io scheduler deadline registered
[    3.289679] io scheduler cfq registered (default)
[    3.291440] ACPI: AC Adapter [AC] (off-line)
[    3.292569] input: Power Button as /devices/LNXSYSTM:00/LNXPWRBN:00/input/input0
[    3.294379] ACPI: Power Button [PWRF]
[    3.295441] input: Sleep Button as /devices/LNXSYSTM:00/LNXSLPBN:00/input/input1
[    3.297373] ACPI: Sleep Button [SLPF]
[    3.298691] Serial: 8250/16550 driver, 32 ports, IRQ sharing enabled
[    3.300232] ACPI: Battery Slot [BAT0] (battery present)
[    3.444236] 00:02: ttyS0 at I/O 0x3f8 (irq = 4, base_baud = 115200) is a 16550A
[    3.491472] Linux agpgart interface v0.103
[    3.521771] loop: module loaded
[    3.531003] scsi host0: ata_piix
[    3.576548] scsi host1: ata_piix
[    3.592515] ata1: PATA max UDMA/33 cmd 0x1f0 ctl 0x3f6 bmdma 0xd000 irq 14
[    3.664587] ata2: PATA max UDMA/33 cmd 0x170 ctl 0x376 bmdma 0xd008 irq 15
[    3.753855] libphy: Fixed MDIO Bus: probed
[    378291]tun: Universal TN/TAPdevicedrive, 1.6

[    3.970681] PP generic drier verion 24.2
[    4.080133] ehci_hcd: USB 2.0 'Enhanced' Host Controller (EHCI) Driver
[    4.136938] ehci-pci: EHCI PCI platform driver
[    4.200504] ehci-platform: EHCI generic platform driver
[    4.233959] ohci_hcd: USB 1.1 'Open' Host Controller (OHCI) Driver
[    4.297808] ohci-pci: OHCI PCI platform driver
[    4.307637] ohci-platform: OHCI generic platform driver
[    4.336661] uhci_hcd: USB Universal Host Controller Interface driver
[    4.338999] i8042: PNP: PS/2 Controller [PNP0303:PS2K,PNP0f03:PS2M] at 0x60,0x64 irq 1,12
[    4.342115] serio: i8042 KBD port at 0x60,0x64 irq 1
[    4.343613] serio: i8042 AUX port at 0x60,0x64 irq 12
[    4.345262] mousedev: PS/2 mouse device common for all mice
[    4.347472] rtc_cmos rtc_cmos: rtc core: registered rtc_cmos as rtc0
[    4.349480] rtc_cmos rtc_cmos: alarms up to one day, 114 bytes nvram
[    4.351416] input: AT Translated Set 2 keyboard as /devices/platform/i8042/serio0/input/input2
[    4.352078] i2c /dev entries driver
[    4.355340] device-mapper: uevent: version 1.0.3
[    4.356942] device-mapper: ioctl: 4.37.0-ioctl (2017-09-20) initialised: dm-devel@redhat.com
[    4.359447] ledtrig-cpu: registered to indicate activity on CPUs
[    4.362323] NET: Registered protocol family 10
[    4.367797] Segment Routing with IPv6
[    4.368885] NET: Registered protocol family 17
[    4.370394] Key type dns_resolver registered
[    4.372084] mce: Using 0 MCE banks
[    4.373110] RAS: Correctable Errors collector initialized.
[    4.378022] sched_clock: Marking stable (4377998832, 0)->(10271176746, -5893177914)
[    4.381709] registered taskstats version 1
[    4.383017] Loading compiled-in X.509 certificates
[    4.392460] Loaded X.509 cert 'Build time autogenerated kernel key: 9d88e3c0462fa0d2df2917e8bbfdfdd1c55d8ddc'
[    4.460113] zswap: loaded using pool lzo/zbud
[    4.505028] Key type big_key registered
[    4.536402] Key type trusted registered
[    4.558386] Key type encrypted registered
[    4.613047] AppArmor: AppArmor sha1 policy hashing enabled
[    4.660091] ima: No TPM chip found, activating TPM-bypass! (rc=-19)
[    4.719084] ima: Allocated hash algorithm: sha1
[    4.740150] evm: HMAC attrs: 0x1
[    4.770706]   Magic number: 3:600:108
[    4.799278] rtc_cmos rtc_cmos: setting system clock to 2019-09-16 03:06:48 UTC (1568603208)
[    4.910402] BIOS EDD facility v0.16 2004-Jun-25, 0 devices found
[    4.960444] EDD information not available.
[    4.982385] Freeing unused kernel image memory: 2436K
[    5.028492] Write protecting the kernel read-only data: 20480k
[    5.090454] Freeing unused kernel image memory: 2008K
[    5.134967] Freeing unused kernel image memory: 1972K
[    5.205028] x86/mm: Checked W+X mappings: passed, no W+X pages found.
[    5.266026] x86/mm: Checking user space page tables
[    5.304993] x86/mm: Checked W+X mappings: passed, no W+X pages found.
Loading, please wait...
starting version 237
[    5.426410] e1000: Intel(R) PRO/1000 Network Driver - version 7.3.21-k8-NAPI
[    5.435484] e1000: Copyright (c) 1999-2006 Intel Corporation.
[    5.446340] Fusion MPT base driver 3.04.20
[    5.449328] Copyright (c) 1999-2008 LSI Corporation
[    5.459833] Fusion MPT SPI Host driver 3.04.20
[    5.472184] mptbase: ioc0: Initiating bringup
[    5.481926] AVX2 version of gcm_enc/dec engaged.
[    5.484309] AES CTR mode by8 optimization enabled
[    5.580387] ioc0: LSI53C1030 A0: Capabilities={Initiator}
[    5.926078] input: ImExPS/2 Generic Explorer Mouse as /devices/platform/i8042/serio1/input/input4
[    6.472180] scsi host2: ioc0: LSI53C1030 A0, FwRev=00000000h, Ports=1, MaxQ=256, IRQ=20
[    6.677017] scsi 2:0:0:0: Direct-Access     VBOX     HARDDISK         1.0  PQ: 0 ANSI: 5
[    6.756146] scsi target2:0:0: Beginning Domain Validation
[    6.769584] scsi target2:0:0: Domain Validation skipping write tests
[    6.782670] scsi target2:0:0: Ending Domain Validation
[    6.784566] scsi target2:0:0: asynchronous
[    6.791414] scsi 2:0:1:0: Direct-Access     VBOX     HARDDISK         1.0  PQ: 0 ANSI: 5
[    7.092694] scsi target2:0:1: Beginning Domain Validation
[    7.124188] random: fast init done
[    7.271793] scsi target2:0:1: Domain Validation skipping write tests
[    7.278107] scsi target2:0:1: Ending Domain Validation
[    7.279767] random: systemd-udevd: uninitialized urandom read (16 bytes read)
[    7.485645] e1000 0000:00:03.0 eth0: (PCI:33MHz:32-bit) 02:14:02:97:50:96
[    7.549515] random: systemd-udevd: uninitialized urandom read (16 bytes read)
[    7.585899] e1000 0000:00:03.0 eth0: Intel(R) PRO/1000 Network Connection
[    7.636259] random: systemd-udevd: uninitialized urandom read (16 bytes read)
[    7.639113] scsi target2:0:1: asynchronous
[    7.661400] sd 2:0:0:0: Attached scsi generic sg0 type 0
[    7.663297] sd 2:0:0:0: [sda] 20971520 512-byte logical blocks: (10.7 GB/10.0 GiB)
[    7.665742] sd 2:0:1:0: Attached scsi generic sg1 type 0
[    7.667290] sd 2:0:0:0: [sda] Write Protect is off
[    7.669114] sd 2:0:0:0: [sda] Incomplete mode parameter data
[    7.674059] sd 2:0:0:0: [sda] Assuming drive cache: write through
[    7.675860] sd 2:0:1:0: [sdb] 20480 512-byte logical blocks: (10.5 MB/10.0 MiB)
[    7.678489] sd 2:0:1:0: [sdb] Write Protect is off
[    7.680682] sd 2:0:1:0: [sdb] Incomplete mode parameter data
[    7.681146]  sda: sda1
[    7.682816] sd 2:0:1:0: [sdb] Assuming drive cache: write through
[    7.687252] sd 2:0:0:0: [sda] Attached SCSI disk
[    7.690392] sd 2:0:1:0: [sdb] Attached SCSI disk
[    8.084168] e1000 0000:00:08.0 eth1: (PCI:33MHz:32-bit) 08:00:27:db:da:da
[    8.519498] e1000 0000:00:08.0 eth1: Intel(R) PRO/1000 Network Connection
[    9.534788] e1000 0000:00:08.0 enp0s8: renamed from eth1
[    9.572819] e1000 0000:00:03.0 enp0s3: renamed from eth0
Begin: Loading essential drivers ... [   11.067464] raid6: sse2x1   gen() 11992 MB/s
[   11.140320] raid6: sse2x1   xor()  7232 MB/s
[   11.237260] raid6: sse2x2   gen() 14785 MB/s
[   11.309332] raid6: sse2x2   xor()  8778 MB/s
[   11.396082] raid6: sse2x4   gen() 14991 MB/s
[   11.496156] raid6: sse2x4   xor()  8958 MB/s
[   11.580032] raid6: avx2x1   gen() 18087 MB/s
[   11.669301] raid6: avx2x1   xor() 16171 MB/s
[   11.776452] raid6: avx2x2   gen() 24924 MB/s
[   11.864060] raid6: avx2x2   xor() 14878 MB/s
[   11.964188] raid6: avx2x4   gen() 28278 MB/s
[   12.044481] raid6: avx2x4   xor() 16622 MB/s
[   12.047379] raid6: using algorithm avx2x4 gen() 28278 MB/s
[   12.050334] raid6: .... xor() 16622 MB/s, rmw enabled
[   12.053575] raid6: using avx2x2 recovery algorithm
[   12.056531] xor: automatically using best checksumming function   avx       
[   12.062968] async_tx: api initialized (async)
done.
Begin: Running /scripts/init-premount ... done.
Begin: Mounting root file system ... Begin: Running /scripts/[   12.111393] Btrfs loaded, crc32c=crc32c-intel
local-top ... done.
Begin: Running /scripts/local-premount ... Scanning for Btrfs filesystems
done.
Warning: fsck no[   12.177580] EXT4-fs (sda1): mounted filesystem with ordered data mode. Opts: (null)
t present, so skipping root file system
done.
Begin: Running /scripts/local-bottom ... done.
Begin: Running /scripts/init-bottom ... done.
[   12.407885] ip_tables: (C) 2000-2006 Netfilter Core Team
[   12.416551] systemd[1]: systemd 237 running in system mode. (+PAM +AUDIT +SELINUX +IMA +APPARMOR +SMACK +SYSVINIT +UTMP +LIBCRYPTSETUP +GCRYPT +GNUTLS +ACL +XZ +LZ4 +SECCOMP +BLKID +ELFUTILS +KMOD -IDN2 +IDN -PCRE2 default-hierarchy=hybrid)
[   12.421539] systemd[1]: Detected virtualization oracle.
[   12.423029] systemd[1]: Detected architecture x86-64.

Welcome to [1mUbuntu 18.04.2 LTS[0m!

[   12.451003] systemd[1]: Set hostname to <ubuntu-bionic>.
[   13.277353] systemd[1]: Created slice User and Session Slice.
[[0;32m  OK  [0m] Created slice User and Session Slice.
[   13.321061] systemd[1]: Created slice System Slice.
[[0;32m  OK  [0m] Created slice System Slice.
[   14.118906] systemd[1]: Created slice system-serial\x2dgetty.slice.
[[0;32m  OK  [0m] Created slice system-serial\x2dgetty.slice.
[   15.001193] systemd[1]: Listening on Journal Socket (/dev/log).
[[0;32m  OK  [0m] Listening on Journal Socket (/dev/log).
[   15.285130] systemd[1]: Listening on LVM2 poll daemon socket.
[[0;32m  OK  [0m] Listening on LVM2 poll daemon socket.
[   15.949855] systemd[1]: Listening on /dev/initctl Compatibility Named Pipe.
[[0;32m  OK  [0m] Listening on /dev/initctl Compatibility Named Pipe.
[[0;32m  OK  [0m] Reached target Swap.
[[0;32m  OK  [0m] Listening on Journal Socket.
[[0;32m  OK  [0m] Set up automount Arbitrary Executabâ€¦rmats File System Automount Point.
[[0;32m  OK  [0m] Created slice system-postgresql.slice.
         Starting Load Kernel Modules...
[   17.149315] Loading iSCSI transport class v2.0-870.
[[0;32m  OK  [0m] Started Forw[   17.198537] iscsi: registered transport (tcp)
ard Password Requests to Wall Directory Watch.
[[0;32m  OK  [0m] Reached targ[   17.292568] iscsi: registered transport (iser)
et System Time Synchronized.
         Starting Create list of required stâ€¦ce nodes for the current kernel...
[[0;32m  OK  [0m] Listening on Device-mapper event daemon FIFOs.
[[0;32m  OK  [0m] Reached target User and Group Name Lookups.
         Mounting Kernel Debug File System...
[   17.426084] systemd[1]: Starting Remount Root and Kernel File Systems...
         Starting Remount Root and Kernel File Systems...
[   17.457122] EXT4-fs (sda1): re-mounted. Opts: (null)
[   17.474533] systemd[1]: Mounting POSIX Message Queue File System...
         Mounting POSIX Message Queue File System...
[   17.482893] systemd[1]: Listening on LVM2 metadata daemon socket.
[[0;32m  OK  [0m] Listening on LVM2 metadata daemon socket.
[   17.493060] systemd[1]: Starting Monitoring of LVM2 mirrors, snapshots etc. using dmeventd or progress polling...
         Starting Monitoring of LVM2 mirrorsâ€¦ng dmeventd or progress polling...
[   17.500249] systemd[1]: Listening on udev Control Socket.
[[0;32m  OK  [0m] Listening on udev Control Socket.
[   17.507487] systemd[1]: Starting Set the console keyboard layout...
         Starting Set the console keyboard layout...
[   17.513780] systemd[1]: Mounting Huge Pages File System...
         Mounting Huge Pages File System...
[   17.518227] systemd[1]: Starting Uncomplicated firewall...
         Starting Uncomplicated firewall...
[   17.521770] systemd[1]: Listening on Syslog Socket.
[[0;32m  OK  [0m] Listening on Syslog Socket.
[   17.524993] systemd[1]: Reached target Slices.
[[0;32m  OK  [0m] Reached target Slices.
[[0;32m  OK  [0m] Listening on udev Kernel Socket.
         Starting udev Coldplug all Devices...
[[0;32m  OK  [0m] Listening on Journal Audit Socket.
         Starting Journal Service...
[[0;32m  OK  [0m] Listening on Network Service Netlink Socket.
[[0;32m  OK  [0m] Started Load Kernel Modules.
[[0;32m  OK  [0m] Started Create list of required staâ€¦vice nodes for the current kernel.
[[0;32m  OK  [0m] Mounted Kernel Debug File System.
[[0;32m  OK  [0m] Started Remount Root and Kernel File Systems.
[[0;32m  OK  [0m] Mounted POSIX Message Queue File System.
[[0;32m  OK  [0m] Mounted Huge Pages File System.
[[0;32m  OK  [0m] Started Journal Service.
[[0;32m  OK  [0m] Started Uncomplicated firewall.
[[0;32m  OK  [0m] Started LVM2 metadata daemon.
         Starting Load/Save Random Seed...
         Starting Flush Journal to Persistent Storage...
         Starting Create Static Device Nodes in /dev...
         Mounting Kernel Configuration File System...
         Mounting FUSE Control File System...
         Starting Apply Kernel Variables...
[[0;32m  OK  [0m] Started Monitoring of LVM2 mirrors,â€¦sing dmeventd or progress polling.
[[0;32m  OK  [0m] Started Set the console keyboard layout.
[[0;32m  OK  [0m] Started udev Coldplug all Devices.
[[0;32m  OK  [0m] Started Load/Save Random Seed.
[[0;32m  OK  [0m] Started Create Static Device Nodes in /dev.
[[0;32m  OK  [0m] Mounted Kernel Configuration File System.
[[0;32m  OK  [0m] Mounted FUSE Control File System.
[[0;32m  OK  [0m] Started Apply Kernel Variables.
         Starting udev Kernel Device Manager...
[[0;32m  OK  [0m] Reached target Local File Systems (Pre).
         Mounting Mount unit for heroku, revision 3799...
         Mounting Mount unit for heroku, revision 3797...
[[0;32m  OK  [0m] Reached target Local File Systems.
         Starting ebtables ruleset management...
         Starting AppArmor initialization...
         Starting Set console font and keymap...
         Starting Tell Plymouth To Write Out Runtime Data...
         Mounting Mount unit for core, revision 7396...
         Mounting Mount unit for core, revision 7713...
[[0;32m  OK  [0m] Started udev Kernel Device Manager.
[[0;32m  OK  [0m] Mounted Mount unit for heroku, revision 3799.
[[0;32m  OK  [0m] Mounted Mount unit for heroku, revision 3797.
[[0;32m  OK  [0m] Started Set console font and keymap.
[[0;32m  OK  [0m] Started Tell Plymouth To Write Out Runtime Data.
[[0;32m  OK  [0m] Mounted Mount unit for core, revision 7396.
[[0;32m  OK  [0m] Mounted Mount unit for core, revision 7713.
[[0;32m  OK  [0m] Found device /dev/ttyS0.
[[0;32m  OK  [0m] Started ebtables ruleset management.
[[0;32m  OK  [0m] Listening on Load/Save RF Kill Switch Status /dev/rfkill Watch.
[[0;32m  OK  [0m] Started Dispatch Password Requests to Console Directory Watch.
[[0;32m  OK  [0m] Reached target Local Encrypted Volumes.
[[0;32m  OK  [0m] Started Flush Journal to Persistent Storage.
         Starting Create Volatile Files and Directories...
[[0;32m  OK  [0m] Started Create Volatile Files and Directories.
         Starting Update UTMP about System Boot/Shutdown...
[[0;32m  OK  [0m] Started Update UTMP about System Boot/Shutdown.
[[0;32m  OK  [0m] Started AppArmor initialization.
         Starting Initial cloud-init job (pre-networking)...
[   19.829110] cloud-init[624]: Cloud-init v. 19.1-1-gbaa47854-0ubuntu1~18.04.1 running 'init-local' at Mon, 16 Sep 2019 03:07:03 +0000. Up 19.63 seconds.
[[0;32m  OK  [0m] Started Initial cloud-init job (pre-networking).
[[0;32m  OK  [0m] Reached target Network (Pre).
         Starting Network Service...
[[0;32m  OK  [0m] Started Network Service.
         Starting Wait for Network to be Configured...
         Starting Network Name Resolution...
[[0;32m  OK  [0m] Started Network Name Resolution.
[[0;32m  OK  [0m] Reached target Host and Network Name Lookups.
[[0;32m  OK  [0m] Reached target Network.
[[0;32m  OK  [0m] Started Wait for Network to be Configured.
         Starting Initial cloud-init job (metadata service crawler)...
[   22.421718] cloud-init[761]: Cloud-init v. 19.1-1-gbaa47854-0ubuntu1~18.04.1 running 'init' at Mon, 16 Sep 2019 03:07:05 +0000. Up 22.27 seconds.
[   22.444810] cloud-init[761]: ci-info: ++++++++++++++++++++++++++++++++++++++Net device info+++++++++++++++++++++++++++++++++++++++
[   22.449355] cloud-init[761]: ci-info: +--------+------+-----------------------------+---------------+--------+-------------------+
[   22.453143] cloud-init[761]: ci-info: | Device |  Up  |           Address           |      Mask     | Scope  |     Hw-Address    |
[   22.459239] cloud-init[761]: ci-info: +--------+------+-----------------------------+---------------+--------+-------------------+
[   22.462989] cloud-init[761]: ci-info: | enp0s3 | True |          10.0.2.15          | 255.255.255.0 | global | 02:14:02:97:50:96 |
[   22.466295] cloud-init[761]: ci-info: | enp0s3 | True |  fe80::14:2ff:fe97:5096/64  |       .       |  link  | 02:14:02:97:50:96 |
[   22.469676] cloud-init[761]: ci-info: | enp0s8 | True |        192.168.33.10        | 255.255.255.0 | global | 08:00:27:db:da:da |
[   22.478974] cloud-init[761]: ci-info: | enp0s8 | True | fe80::a00:27ff:fedb:dada/64 |       .       |  link  | 08:00:27:db:da:da |
[   22.503719] cloud-init[761]: ci-info: |   lo   | True |          127.0.0.1          |   255.0.0.0   |  host  |         .         |
[   22.506153] cloud-init[761]: ci-info: |   lo   | True |           ::1/128           |       .       |  host  |         .         |
[   22.537264] cloud-init[761]: ci-info: +--------+------+-----------------------------+---------------+--------+-------------------+
[   22.551760] cloud-init[761]: ci-info: +++++++++++++++++++++++++++++Route IPv4 info+++++++++++++++++++++++++++++
[   22.555053] cloud-init[761]: ci-info: +-------+--------------+----------+-----------------+-----------+-------+
[   22.558217] cloud-init[761]: ci-info: | Route | Destination  | Gateway  |     Genmask     | Interface | Flags |
[   22.561510] cloud-init[761]: ci-info: +-------+--------------+----------+-----------------+-----------+-------+
[   22.564721] cloud-init[761]: ci-info: |   0   |   0.0.0.0    | 10.0.2.2 |     0.0.0.0     |   enp0s3  |   UG  |
[   22.567823] cloud-init[761]: ci-info: |   1   |   10.0.2.0   | 0.0.0.0  |  255.255.255.0  |   enp0s3  |   U   |
[   22.570745] cloud-init[761]: ci-info: |   2   |   10.0.2.2   | 0.0.0.0  | 255.255.255.255 |   enp0s3  |   UH  |
[   22.573839] cloud-init[761]: ci-info: |   3   | 192.168.33.0 | 0.0.0.0  |  255.255.255.0  |   enp0s8  |   U   |
[   22.579205] cloud-init[761]: ci-info: +-------+--------------+----------+-----------------+-----------+-------+
[   22.582135] cloud-init[761]: ci-info: +++++++++++++++++++Route IPv6 info+++++++++++++++++++
[   22.584708] cloud-init[761]: ci-info: +-------+-------------+---------+-----------+-------+
[   22.587878] cloud-init[761]: ci-info: | Route | Destination | Gateway | Interface | Flags |
[   22.590589] cloud-init[761]: ci-info: +-------+-------------+---------+-----------+-------+
[   22.593357] cloud-init[761]: ci-info: |   1   |  fe80::/64  |    ::   |   enp0s8  |   U   |
[   22.595851] cloud-init[761]: ci-info: |   2   |  fe80::/64  |    ::   |   enp0s3  |   U   |
[   22.599956] cloud-init[761]: ci-info: |   4   |    local    |    ::   |   enp0s3  |   U   |
[   22.604406] cloud-init[761]: ci-info: |   5   |    local    |    ::   |   enp0s8  |   U   |
[   22.608589] cloud-init[761]: ci-info: |   6   |   ff00::/8  |    ::   |   enp0s8  |   U   |
[   22.612279] cloud-init[761]: ci-info: |   7   |   ff00::/8  |    ::   |   enp0s3  |   U   |
[   22.616685] cloud-init[761]: ci-info: +-------+-------------+---------+-----------+-------+
[[0;32m  OK  [0m] Started Initial cloud-init job (metadata service crawler).
[[0;32m  OK  [0m] Reached target System Initialization.
[[0;32m  OK  [0m] Listening on D-Bus System Message Bus Socket.
[[0;32m  OK  [0m] Started Discard unused blocks once a week.
         Starting LXD - unix socket.
[[0;32m  OK  [0m] Started Message of the Day.
[[0;32m  OK  [0m] Listening on Open-iSCSI iscsid Socket.
[[0;32m  OK  [0m] Listening on ACPID Listen Socket.
[[0;32m  OK  [0m] Listening on UUID daemon activation socket.
[[0;32m  OK  [0m] Started Daily Cleanup of Temporary Directories.
[[0;32m  OK  [0m] Started Daily apt download activities.
[[0;32m  OK  [0m] Started Daily apt upgrade and clean activities.
[[0;32m  OK  [0m] Reached target Timers.
         Starting Socket activation for snappy daemon.
[[0;32m  OK  [0m] Started ACPI Events Check.
[[0;32m  OK  [0m] Reached target Paths.
[[0;32m  OK  [0m] Reached target Cloud-config availability.
[[0;32m  OK  [0m] Reached target Network is Online.
         Starting Availability of block devices...
[[0;32m  OK  [0m] Reached target Remote File Systems (Pre).
[[0;32m  OK  [0m] Reached target Remote File Systems.
[[0;32m  OK  [0m] Listening on LXD - unix socket.
[[0;32m  OK  [0m] Listening on Socket activation for snappy daemon.
[[0;32m  OK  [0m] Started Availability of block devices.
[[0;32m  OK  [0m] Reached target Sockets.
[[0;32m  OK  [0m] Reached target Basic System.
         Starting LSB: automatic crash report generation...
[[0;32m  OK  [0m] Started Deferred execution scheduler.
         Starting Resets System Activity Data Collector...
[[0;32m  OK  [0m] Started D-Bus System Message Bus.
         Starting System Logging Service...
         Starting Snappy daemon...
         Starting Permit User Sessions...
[[0;32m  OK  [0m] Started FUSE filesystem for LXC.
         Starting Login Service...
         Starting vboxadd.service...
[[0;32m  OK  [0m] Started Regular background program processing daemon.
         Starting OpenBSD Secure Shell server...
[[0;32m  OK  [0m] Started irqbalance daemon.
         Starting Dispatcher daemon for systemd-networkd...
         Starting LXD - container startup/shutdown...
         Starting LSB: Record successful boot for GRUB...
         Starting PostgreSQL Cluster 10-main...
         Starting Accounts Service...
[[0;32m  OK  [0m] Started System Logging Service.
[[0;32m  OK  [0m] Started Resets System Activity Data Collector.
[[0;32m  OK  [0m] Started Permit User Sessions.
[[0;32m  OK  [0m] Started Login Service.
[[0;32m  OK  [0m] Started Unattended Upgrades Shutdown.
         Starting Terminate Plymouth Boot Screen...
         Starting Hold until boot process finishes up...
[[0;32m  OK  [0m] Started OpenBSD Secure Shell server.
[[0;32m  OK  [0m] Started Terminate Plymouth Boot Screen.
[[0;32m  OK  [0m] Started Hold until boot process finishes up.
[[0;32m  OK  [0m] Started Serial Getty on ttyS0.
         Starting Set console scheme...
[[0;32m  OK  [0m] Started Set console scheme.
[[0;32m  OK  [0m] Created slice system-getty.slice.
[[0;32m  OK  [0m] Started Getty on tty1.
[[0;32m  OK  [0m] Reached target Login Prompts.
[[0;32m  OK  [0m] Started LSB: Record successful boot for GRUB.
[[0;32m  OK  [0m] Started LSB: automatic crash report generation.
         Starting Authorization Manager...
[[0;32m  OK  [0m] Created slice User Slice of vagrant.
[[0;32m  OK  [0m] Started LXD - container startup/shutdown.
[[0;32m  OK  [0m] Started Authorization Manager.
[[0;32m  OK  [0m] Started Accounts Service.
[[0;32m  OK  [0m] Started Session 1 of user vagrant.
         Starting User Manager for UID 1000...
[[0;32m  OK  [0m] Started Dispatcher daemon for systemd-networkd.
[[0;32m  OK  [0m] Started vboxadd.service.
         Starting vboxadd-service.service...
[[0;32m  OK  [0m] Started vboxadd-service.service.
[[0;32m  OK  [0m] Started User Manager for UID 1000.
[[0;32m  OK  [0m] Started Snappy daemon.
         Starting Wait until snapd is fully seeded...
[[0;32m  OK  [0m] Started Wait until snapd is fully seeded.
         Starting Apply the settings specified in cloud-config...
[   25.398380] cloud-init[1307]: Cloud-init v. 19.1-1-gbaa47854-0ubuntu1~18.04.1 running 'modules:config' at Mon, 16 Sep 2019 03:07:08 +0000. Up 25.23 seconds.
[[0;32m  OK  [0m] Started Apply the settings specified in cloud-config.
[[0;32m  OK  [0m] Started PostgreSQL Cluster 10-main.
         Starting PostgreSQL RDBMS...
[[0;32m  OK  [0m] Started PostgreSQL RDBMS.
[[0;32m  OK  [0m] Reached target Multi-User System.
[[0;32m  OK  [0m] Reached target Graphical Interface.
         Starting Execute cloud user/final scripts...
         Starting Update UTMP about System Runlevel Changes...
[[0;32m  OK  [0m] Started Update UTMP about System Runlevel Changes.
[   27.115082] cloud-init[1568]: Cloud-init v. 19.1-1-gbaa47854-0ubuntu1~18.04.1 running 'modules:final' at Mon, 16 Sep 2019 03:07:10 +0000. Up 27.00 seconds.
[   27.148784] cloud-init[1568]: Cloud-init v. 19.1-1-gbaa47854-0ubuntu1~18.04.1 finished at Mon, 16 Sep 2019 03:07:10 +0000. Datasource DataSourceNoCloud [seed=/dev/sdb][dsmode=net].  Up 27.10 seconds
[[0;32m  OK  [0m] Started Execute cloud user/final scripts.
[[0;32m  OK  [0m] Reached target Cloud-init target.

Ubuntu 18.04.2 LTS ubuntu-bionic ttyS0

ubuntu-bionic login: 